[abeso.org.br/obesidade-e-sindrome-metabolica/calculadora-imc/index.html]
[backblue.gif]
[fade.gif]
[index.html]
[abeso.org.br/wp-content/litespeed/css/d47df5c29be69440c124bafcd10869dd531c.css]
[abeso.org.br/wp-content/litespeed/css/c93d511b9a86d06d9b54ee70567bcfcdbdb4.css]
[abeso.org.br/wp-content/litespeed/css/ef416abd96fb688ae013ab8de806baa8e738.css]
[abeso.org.br/wp-content/litespeed/css/6ef5726bd3dfa87b09ee9ec23b90376e97e8.css]
[abeso.org.br/wp-content/litespeed/css/3382988ee519548a261e2efcc74e5f397717.css]
[abeso.org.br/wp-content/litespeed/css/a2eb4d616f19fcbfc0a019fb1a55477f60e3.css]
[abeso.org.br/wp-includes/js/jquery/jquery.minf43b.js]
[abeso.org.br/wp-includes/js/jquery/jquery-migrate.min5589.js]
[abeso.org.br/wp-content/plugins/wp-charts-and-graphs/assets/js/Chart.mina1ec.js]
[abeso.org.br/wp-content/plugins/wp-charts-and-graphs/assets/js/pantherius_wp_charts1576.js]
[connect.facebook.net/pt_BR/sdk.js]
[abeso.org.br/wp-content/uploads/2020/02/logo-FLASO-2.gif]
[abeso.org.br/wp-content/uploads/2020/02/download.png]
[abeso.org.br/wp-content/uploads/2020/02/logo.png]
[abeso.org.br/wp-content/plugins/contact-form-7/includes/swv/js/indexc8d8.js]
[abeso.org.br/wp-content/plugins/contact-form-7/includes/js/indexc8d8.js]
[abeso.org.br/wp-content/themes/abeso/dist/js/vendor1845.js]
[abeso.org.br/wp-content/themes/abeso/dist/js/maind5c6.js]
[abeso.org.br/wp-content/themes/abeso/scripts/select2/js/select2.minaec2.js]
[abeso.org.br/wp-content/themes/abeso/scripts/busca-camposaec2.js]
[abeso.org.br/wp-content/plugins/wp-charts-and-graphs/assets/js/pantherius_wp_charts_init1576.js]
[abeso.org.br/obesidade-e-sindrome-metabolica/calculadora-imc/index.html]
[abeso.org.br/wp-content/litespeed/css/b26e88117c0e9de48bf50371dcbe73a793d7.css]
[abeso.org.br/wp-content/litespeed/css/d47df5c29be69440c124bafcd10869dd531c.css]
[abeso.org.br/wp-content/litespeed/css/c93d511b9a86d06d9b54ee70567bcfcdbdb4.css]
[abeso.org.br/wp-content/litespeed/css/ef416abd96fb688ae013ab8de806baa8e738.css]
[abeso.org.br/wp-content/litespeed/css/6ef5726bd3dfa87b09ee9ec23b90376e97e8.css]
[abeso.org.br/wp-content/litespeed/css/3382988ee519548a261e2efcc74e5f397717.css]
[abeso.org.br/wp-content/litespeed/css/a2eb4d616f19fcbfc0a019fb1a55477f60e3.css]
[abeso.org.br/wp-includes/js/jquery/jquery.minf43b.js]
[abeso.org.br/wp-includes/js/jquery/jquery-migrate.min5589.js]
[abeso.org.br/wp-content/plugins/wp-charts-and-graphs/assets/js/Chart.mina1ec.js]
[abeso.org.br/wp-content/plugins/wp-charts-and-graphs/assets/js/pantherius_wp_charts1576.js]
[connect.facebook.net/pt_BR/sdk.js]
[www.googletagmanager.com/gtm5445.html]
[abeso.org.br/obesidade-e-sindrome-metabolica/calculadora-imc/t]
[abeso.org.br/wp-content/plugins/contact-form-7/includes/swv/js/indexc8d8.js]
[abeso.org.br/wp-content/plugins/contact-form-7/includes/js/indexc8d8.js]
[abeso.org.br/wp-content/themes/abeso/dist/js/vendor1845.js]
[abeso.org.br/obesidade-e-sindrome-metabolica/calculadora-imc/i]
[abeso.org.br/wp-content/themes/abeso/dist/js/maind5c6.js]
[abeso.org.br/wp-content/themes/abeso/scripts/select2/js/select2.minaec2.js]
[abeso.org.br/wp-content/themes/abeso/scripts/busca-camposaec2.js]
[abeso.org.br/wp-content/plugins/wp-charts-and-graphs/assets/js/pantherius_wp_charts_init1576.js]
[abeso.org.br/obesidade-e-sindrome-metabolica/calculadora-imc/options.time.format is deprecated and replaced by options.time.parser. See http_/nnnick.github.io/Chart.js/docs-v2/index.html]
[abeso.org.br/obesidade-e-sindrome-metabolica/calculadora-imc/t.html]
[abeso.org.br/obesidade-e-sindrome-metabolica/calculadora-imc/i.html]
